[debug] [2022-03-14T21:34:00.847Z] ----------------------------------------------------------------------
[debug] [2022-03-14T21:34:00.849Z] Command:       C:\Program Files\nodejs\node.exe C:\Users\Umer Shaikh\AppData\Roaming\npm\node_modules\firebase-tools\lib\bin\firebase.js init
[debug] [2022-03-14T21:34:00.849Z] CLI Version:   10.2.2
[debug] [2022-03-14T21:34:00.850Z] Platform:      win32
[debug] [2022-03-14T21:34:00.850Z] Node Version:  v14.17.0
[debug] [2022-03-14T21:34:00.851Z] Time:          Tue Mar 15 2022 02:34:00 GMT+0500 (Pakistan Standard Time)
[debug] [2022-03-14T21:34:00.851Z] ----------------------------------------------------------------------
[debug] 
[debug] [2022-03-14T21:34:00.914Z] > command requires scopes: ["email","openid","https://www.googleapis.com/auth/cloudplatformprojects.readonly","https://www.googleapis.com/auth/firebase","https://www.googleapis.com/auth/cloud-platform"]
[debug] [2022-03-14T21:34:00.915Z] > authorizing via signed-in user (umer.shaikh@devoteefforts.biz)
[info] 
     ######## #### ########  ######## ########     ###     ######  ########
     ##        ##  ##     ## ##       ##     ##  ##   ##  ##       ##
     ######    ##  ########  ######   ########  #########  ######  ######
     ##        ##  ##    ##  ##       ##     ## ##     ##       ## ##
     ##       #### ##     ## ######## ########  ##     ##  ######  ########

You're about to initialize a Firebase project in this directory:

  C:\MyWork\fe_devote_efforts

Before we get started, keep in mind:

  * You are currently outside your home directory
  * You are initializing within an existing Firebase project directory

[info] 
=== Project Setup
[info] 
[info] First, let's associate this project directory with a Firebase project.
[info] You can create multiple project aliases by running firebase use --add, 
[info] but for now we'll just set up a default project.
[info] 
[debug] [2022-03-14T21:34:19.653Z] Using project from CLI flag: devote-efforts
[debug] [2022-03-14T21:34:19.654Z] > refreshing access token with scopes: []
[debug] [2022-03-14T21:34:19.655Z] >>> HTTP REQUEST POST https://www.googleapis.com/oauth2/v3/token  
 <request body omitted>
[debug] [2022-03-14T21:34:21.008Z] <<< HTTP RESPONSE 200 {"date":"Mon, 14 Mar 2022 21:34:21 GMT","pragma":"no-cache","expires":"Mon, 01 Jan 1990 00:00:00 GMT","cache-control":"no-cache, no-store, max-age=0, must-revalidate","content-type":"application/json; charset=utf-8","vary":"X-Origin, Referer, Origin,Accept-Encoding","server":"scaffolding on HTTPServer2","x-xss-protection":"0","x-frame-options":"SAMEORIGIN","x-content-type-options":"nosniff","alt-svc":"h3=\":443\"; ma=2592000,h3-29=\":443\"; ma=2592000,h3-Q050=\":443\"; ma=2592000,h3-Q046=\":443\"; ma=2592000,h3-Q043=\":443\"; ma=2592000,quic=\":443\"; ma=2592000; v=\"46,43\"","accept-ranges":"none","transfer-encoding":"chunked"}
[debug] [2022-03-14T21:34:21.024Z] >>> [apiv2][query] GET https://firebase.googleapis.com/v1beta1/projects/devote-efforts [none]
[debug] [2022-03-14T21:34:22.505Z] <<< [apiv2][status] GET https://firebase.googleapis.com/v1beta1/projects/devote-efforts 200
[debug] [2022-03-14T21:34:22.505Z] <<< [apiv2][body] GET https://firebase.googleapis.com/v1beta1/projects/devote-efforts {"projectId":"devote-efforts","projectNumber":"66748080569","displayName":"devote efforts","name":"projects/devote-efforts","resources":{"hostingSite":"devote-efforts","storageBucket":"devote-efforts.appspot.com","locationId":"us-central"},"state":"ACTIVE"}
[info] i  Using project devote-efforts (devote efforts) 
[info] 
=== Hosting Setup
[info] 
[info] Your public directory is the folder (relative to your project directory) that
[info] will contain Hosting assets to be uploaded with firebase deploy. If you
[info] have a build process for your assets, use your build's output directory.
[info] 
[info] +  Wrote build/404.html 
[debug] [2022-03-14T21:34:58.482Z] >>> [apiv2][query] GET https://www.gstatic.com/firebasejs/releases.json [none]
[debug] [2022-03-14T21:34:59.774Z] <<< [apiv2][status] GET https://www.gstatic.com/firebasejs/releases.json 200
[debug] [2022-03-14T21:34:59.774Z] <<< [apiv2][body] GET https://www.gstatic.com/firebasejs/releases.json {"current":{"version":"9.6.8","browserURL":"https://www.gstatic.com/firebasejs/9.6.8/firebase.js","packageURL":"https://www.gstatic.com/firebasejs/9.6.8/firebase.tgz"},"live":{"version":"9.6","browserURL":"https://www.gstatic.com/firebasejs/live/9.6/firebase.js","packageURL":"https://www.gstatic.com/firebasejs/live/9.6/firebase.tgz"},"components":{"analytics":"https://www.gstatic.com/firebasejs/9.6.8/firebase-analytics.js","app":"https://www.gstatic.com/firebasejs/9.6.8/firebase-app.js","app-check":"https://www.gstatic.com/firebasejs/9.6.8/firebase-app-check.js","auth":"https://www.gstatic.com/firebasejs/9.6.8/firebase-auth.js","auth/cordova":"https://www.gstatic.com/firebasejs/9.6.8/firebase-auth/cordova.js","auth/react-native":"https://www.gstatic.com/firebasejs/9.6.8/firebase-auth/react-native.js","functions":"https://www.gstatic.com/firebasejs/9.6.8/firebase-functions.js","firestore":"https://www.gstatic.com/firebasejs/9.6.8/firebase-firestore.js","firestore/lite":"https://www.gstatic.com/firebasejs/9.6.8/firebase-firestore/lite.js","storage":"https://www.gstatic.com/firebasejs/9.6.8/firebase-storage.js","performance":"https://www.gstatic.com/firebasejs/9.6.8/firebase-performance.js","remote-config":"https://www.gstatic.com/firebasejs/9.6.8/firebase-remote-config.js","messaging":"https://www.gstatic.com/firebasejs/9.6.8/firebase-messaging.js","messaging/sw":"https://www.gstatic.com/firebasejs/9.6.8/firebase-messaging/sw.js","database":"https://www.gstatic.com/firebasejs/9.6.8/firebase-database.js","firestore.memory":"https://www.gstatic.com/firebasejs/9.6.8/firebase-firestore.memory.js"}}
[info] +  Wrote build/index.html 
[info] 
[info] i  Detected a .git folder at C:\MyWork\fe_devote_efforts 
[info] i  Authorizing with GitHub to upload your service account to a GitHub repository's secrets store. 
[info] 
[info] Visit this URL on this device to log in:
[info] https://github.com/login/oauth/authorize?client_id=89cf50f02ac6aaed3484&state=1032144186&redirect_uri=http%3A%2F%2Flocalhost%3A9005&scope=read%3Auser%20repo%20public_repo
[info] 
[info] Waiting for authentication...
[debug] [2022-03-14T21:35:06.204Z] >>> HTTP REQUEST POST https://github.com/login/oauth/access_token  
 {"client_id":"89cf50f02ac6aaed3484","client_secret":"3330d14abc895d9a74d5f17cd7a00711fa2c5bf0","code":"f738e2aeae3f4a289336","redirect_uri":"http://localhost:9005","state":"1032144186"}
[debug] [2022-03-14T21:35:07.171Z] <<< HTTP RESPONSE 200 {"server":"GitHub.com","date":"Mon, 14 Mar 2022 21:35:07 GMT","content-type":"application/json; charset=utf-8","transfer-encoding":"chunked","vary":"X-PJAX, X-PJAX-Container, Accept-Encoding, Accept, X-Requested-With","permissions-policy":"interest-cohort=()","etag":"W/\"3ad322353154d5da7f7c94e297f6aac8\"","cache-control":"max-age=0, private, must-revalidate","strict-transport-security":"max-age=31536000; includeSubdomains; preload","x-frame-options":"deny","x-content-type-options":"nosniff","x-xss-protection":"0","referrer-policy":"origin-when-cross-origin, strict-origin-when-cross-origin","expect-ct":"max-age=2592000, report-uri=\"https://api.github.com/_private/browser/errors\"","content-security-policy":"default-src 'none'; base-uri 'self'; block-all-mixed-content; child-src github.com/assets-cdn/worker/ gist.github.com/assets-cdn/worker/; connect-src 'self' uploads.github.com objects-origin.githubusercontent.com www.githubstatus.com collector.githubapp.com collector.github.com api.github.com github-cloud.s3.amazonaws.com github-production-repository-file-5c1aeb.s3.amazonaws.com github-production-upload-manifest-file-7fdce7.s3.amazonaws.com github-production-user-asset-6210df.s3.amazonaws.com cdn.optimizely.com logx.optimizely.com/v1/events translator.github.com wss://alive.github.com; font-src github.githubassets.com; form-action 'self' github.com gist.github.com objects-origin.githubusercontent.com; frame-ancestors 'none'; frame-src render.githubusercontent.com viewscreen.githubusercontent.com notebooks.githubusercontent.com; img-src 'self' data: github.githubassets.com identicons.github.com collector.githubapp.com collector.github.com github-cloud.s3.amazonaws.com secured-user-images.githubusercontent.com/ *.githubusercontent.com; manifest-src 'self'; media-src github.com user-images.githubusercontent.com/; script-src github.githubassets.com; style-src 'unsafe-inline' github.githubassets.com; worker-src github.com/assets-cdn/worker/ gist.github.com/assets-cdn/worker/","x-github-request-id":"E6EF:41DC:368E30:3D1DF6:622FB50B"}
[debug] [2022-03-14T21:35:07.193Z] >>> [apiv2][query] GET https://api.github.com/user [none]
[debug] [2022-03-14T21:35:08.200Z] <<< [apiv2][status] GET https://api.github.com/user 200
[debug] [2022-03-14T21:35:08.200Z] <<< [apiv2][body] GET https://api.github.com/user {"login":"umershaikh97","id":26284894,"node_id":"MDQ6VXNlcjI2Mjg0ODk0","avatar_url":"https://avatars.githubusercontent.com/u/26284894?v=4","gravatar_id":"","url":"https://api.github.com/users/umershaikh97","html_url":"https://github.com/umershaikh97","followers_url":"https://api.github.com/users/umershaikh97/followers","following_url":"https://api.github.com/users/umershaikh97/following{/other_user}","gists_url":"https://api.github.com/users/umershaikh97/gists{/gist_id}","starred_url":"https://api.github.com/users/umershaikh97/starred{/owner}{/repo}","subscriptions_url":"https://api.github.com/users/umershaikh97/subscriptions","organizations_url":"https://api.github.com/users/umershaikh97/orgs","repos_url":"https://api.github.com/users/umershaikh97/repos","events_url":"https://api.github.com/users/umershaikh97/events{/privacy}","received_events_url":"https://api.github.com/users/umershaikh97/received_events","type":"User","site_admin":false,"name":"Umer Shaikh","company":"@JOGO-FOOTBALL ","blog":"","location":"Karachi","email":"umershaikh305@gmail.com","hireable":null,"bio":"Fullstack JavaScript, React, React Native, Node developer. Software Engineer @JOGO-FOOTBALL","twitter_username":null,"public_repos":38,"public_gists":0,"followers":12,"following":24,"created_at":"2017-03-08T19:09:58Z","updated_at":"2022-03-14T14:44:59Z","private_gists":0,"total_private_repos":41,"owned_private_repos":40,"disk_usage":334920,"collaborators":11,"two_factor_authentication":false,"plan":{"name":"free","space":976562499,"collaborators":0,"private_repos":10000}}
[info] 
[info] +  Success! Logged into GitHub as umershaikh97 
[info] 
